// Jest Snapshot v1, https://goo.gl/fbAQLP

exports[`<AddProduct /> 1`] = `
<h3>
  Product
</h3>
`;
