// Jest Snapshot v1, https://goo.gl/fbAQLP

exports[`<ProductItem /> where success is false 1`] = `
<tr
  class="sc-bZQynM bGQAfj"
  data-testid="item-row"
>
  <td>
    B102
  </td>
  <td>
    <button
      type="submit"
      data-testid="substract-item"
    >
      -
    </button>
    10
    <button
      type="submit"
      data-testid="add-item"
    >
      +
    </button>
  </td>
  <td>
    4.99
  </td>
  <td>
    49.90
  </td>
  <td>
    <div
      class="sc-gzVnrw btWNie"
      data-testid="delete-item"
    >
      <svg
        width="24"
        height="24"
        viewBox="0 0 24 24"
      >
        <path
          fill="black"
          d="M9 19c0 .552-.448 1-1 1s-1-.448-1-1v-10c0-.552.448-1 1-1s1 .448 1 1v10zm4 0c0 .552-.448 1-1 1s-1-.448-1-1v-10c0-.552.448-1 1-1s1 .448 1 1v10zm4 0c0 .552-.448 1-1 1s-1-.448-1-1v-10c0-.552.448-1 1-1s1 .448 1 1v10zm5-17v2h-20v-2h5.711c.9 0 1.631-1.099 1.631-2h5.315c0 .901.73 2 1.631 2h5.712zm-3 4v16h-14v-16h-2v18h18v-18h-2z"
        />
      </svg>
    </div>
  </td>
</tr>
`;
